// Jest Snapshot v1, https://goo.gl/fbAQLP

exports[`<Brand /> Should render correctly 1`] = `
<div>
  <div
    class="wrapper"
  >
    <img
      alt="search"
      class="brand"
      src="/static/images/png/Logo_ML@2x.png"
      tabindex="1"
    />
  </div>
</div>
`;
